Archive member included to satisfy reference by file (symbol)

c:/program files (x86)/atmel/studio/7.0/toolchain/avr8/avr8-gnu-toolchain/bin/../lib/gcc/avr/4.9.2/../../../../avr/lib/avr5\libm.a(addsf3.o)
                              Sketch.o (__subsf3)
c:/program files (x86)/atmel/studio/7.0/toolchain/avr8/avr8-gnu-toolchain/bin/../lib/gcc/avr/4.9.2/../../../../avr/lib/avr5\libm.a(addsf3x.o)
                              c:/program files (x86)/atmel/studio/7.0/toolchain/avr8/avr8-gnu-toolchain/bin/../lib/gcc/avr/4.9.2/../../../../avr/lib/avr5\libm.a(addsf3.o) (__addsf3x)
c:/program files (x86)/atmel/studio/7.0/toolchain/avr8/avr8-gnu-toolchain/bin/../lib/gcc/avr/4.9.2/../../../../avr/lib/avr5\libm.a(cmpsf2.o)
                              Sketch.o (__eqsf2)
c:/program files (x86)/atmel/studio/7.0/toolchain/avr8/avr8-gnu-toolchain/bin/../lib/gcc/avr/4.9.2/../../../../avr/lib/avr5\libm.a(divsf3.o)
                              Sketch.o (__divsf3)
c:/program files (x86)/atmel/studio/7.0/toolchain/avr8/avr8-gnu-toolchain/bin/../lib/gcc/avr/4.9.2/../../../../avr/lib/avr5\libm.a(divsf3x.o)
                              c:/program files (x86)/atmel/studio/7.0/toolchain/avr8/avr8-gnu-toolchain/bin/../lib/gcc/avr/4.9.2/../../../../avr/lib/avr5\libm.a(divsf3.o) (__divsf3x)
c:/program files (x86)/atmel/studio/7.0/toolchain/avr8/avr8-gnu-toolchain/bin/../lib/gcc/avr/4.9.2/../../../../avr/lib/avr5\libm.a(floatsisf.o)
                              Sketch.o (__floatsisf)
c:/program files (x86)/atmel/studio/7.0/toolchain/avr8/avr8-gnu-toolchain/bin/../lib/gcc/avr/4.9.2/../../../../avr/lib/avr5\libm.a(fp_cmp.o)
                              c:/program files (x86)/atmel/studio/7.0/toolchain/avr8/avr8-gnu-toolchain/bin/../lib/gcc/avr/4.9.2/../../../../avr/lib/avr5\libm.a(cmpsf2.o) (__fp_cmp)
c:/program files (x86)/atmel/studio/7.0/toolchain/avr8/avr8-gnu-toolchain/bin/../lib/gcc/avr/4.9.2/../../../../avr/lib/avr5\libm.a(fp_inf.o)
                              c:/program files (x86)/atmel/studio/7.0/toolchain/avr8/avr8-gnu-toolchain/bin/../lib/gcc/avr/4.9.2/../../../../avr/lib/avr5\libm.a(addsf3x.o) (__fp_inf)
c:/program files (x86)/atmel/studio/7.0/toolchain/avr8/avr8-gnu-toolchain/bin/../lib/gcc/avr/4.9.2/../../../../avr/lib/avr5\libm.a(fp_nan.o)
                              c:/program files (x86)/atmel/studio/7.0/toolchain/avr8/avr8-gnu-toolchain/bin/../lib/gcc/avr/4.9.2/../../../../avr/lib/avr5\libm.a(addsf3x.o) (__fp_nan)
c:/program files (x86)/atmel/studio/7.0/toolchain/avr8/avr8-gnu-toolchain/bin/../lib/gcc/avr/4.9.2/../../../../avr/lib/avr5\libm.a(fp_pscA.o)
                              c:/program files (x86)/atmel/studio/7.0/toolchain/avr8/avr8-gnu-toolchain/bin/../lib/gcc/avr/4.9.2/../../../../avr/lib/avr5\libm.a(addsf3x.o) (__fp_pscA)
c:/program files (x86)/atmel/studio/7.0/toolchain/avr8/avr8-gnu-toolchain/bin/../lib/gcc/avr/4.9.2/../../../../avr/lib/avr5\libm.a(fp_pscB.o)
                              c:/program files (x86)/atmel/studio/7.0/toolchain/avr8/avr8-gnu-toolchain/bin/../lib/gcc/avr/4.9.2/../../../../avr/lib/avr5\libm.a(addsf3x.o) (__fp_pscB)
c:/program files (x86)/atmel/studio/7.0/toolchain/avr8/avr8-gnu-toolchain/bin/../lib/gcc/avr/4.9.2/../../../../avr/lib/avr5\libm.a(fp_round.o)
                              c:/program files (x86)/atmel/studio/7.0/toolchain/avr8/avr8-gnu-toolchain/bin/../lib/gcc/avr/4.9.2/../../../../avr/lib/avr5\libm.a(addsf3.o) (__fp_round)
c:/program files (x86)/atmel/studio/7.0/toolchain/avr8/avr8-gnu-toolchain/bin/../lib/gcc/avr/4.9.2/../../../../avr/lib/avr5\libm.a(fp_split3.o)
                              c:/program files (x86)/atmel/studio/7.0/toolchain/avr8/avr8-gnu-toolchain/bin/../lib/gcc/avr/4.9.2/../../../../avr/lib/avr5\libm.a(addsf3x.o) (__fp_split3)
c:/program files (x86)/atmel/studio/7.0/toolchain/avr8/avr8-gnu-toolchain/bin/../lib/gcc/avr/4.9.2/../../../../avr/lib/avr5\libm.a(fp_zero.o)
                              c:/program files (x86)/atmel/studio/7.0/toolchain/avr8/avr8-gnu-toolchain/bin/../lib/gcc/avr/4.9.2/../../../../avr/lib/avr5\libm.a(addsf3x.o) (__fp_zero)
c:/program files (x86)/atmel/studio/7.0/toolchain/avr8/avr8-gnu-toolchain/bin/../lib/gcc/avr/4.9.2/../../../../avr/lib/avr5\libm.a(gesf2.o)
                              Sketch.o (__gesf2)
c:/program files (x86)/atmel/studio/7.0/toolchain/avr8/avr8-gnu-toolchain/bin/../lib/gcc/avr/4.9.2/../../../../avr/lib/avr5\libm.a(mulsf3.o)
                              Sketch.o (__mulsf3)
c:/program files (x86)/atmel/studio/7.0/toolchain/avr8/avr8-gnu-toolchain/bin/../lib/gcc/avr/4.9.2/../../../../avr/lib/avr5\libm.a(mulsf3x.o)
                              c:/program files (x86)/atmel/studio/7.0/toolchain/avr8/avr8-gnu-toolchain/bin/../lib/gcc/avr/4.9.2/../../../../avr/lib/avr5\libm.a(mulsf3.o) (__mulsf3x)
G:\my_hunnanbei_SHOT\atmel\ArduinoSketch1\ArduinoSketch1\ArduinoCore\Debug\libArduinoCore.a(HardwareSerial.o)
                              Sketch.o (_ZN14HardwareSerial5beginEmh)
[...]
Memory Configuration

Name             Origin             Length             Attributes
text             0x00000000         0x00020000         xr
data             0x00800060         0x0000ffa0         rw !x
eeprom           0x00810000         0x00010000         rw !x
fuse             0x00820000         0x00000400         rw !x
lock             0x00830000         0x00000400         rw !x
signature        0x00840000         0x00000400         rw !x
user_signatures  0x00850000         0x00000400         rw !x
*default*        0x00000000         0xffffffff

Linker script and memory map

Address of section .data set to 0x800100
LOAD C:/Program Files (x86)/Atmel/Studio/7.0/Packs/atmel/ATmega_DFP/1.0.106/gcc/dev/atmega328p/avr5/crtatmega328p.o
LOAD Sketch.o
LOAD src/libraries/Servo/src/avr/Servo.o
LOAD src/libraries/Servo/src/nrf52/Servo.o
LOAD src/libraries/Servo/src/samd/Servo.o
LOAD src/libraries/Servo/src/sam/Servo.o
LOAD src/libraries/Servo/src/stm32f4/Servo.o
LOAD src/libraries/Wire/src/utility/twi.o
LOAD src/libraries/Wire/src/Wire.o
START GROUP
LOAD c:/program files (x86)/atmel/studio/7.0/toolchain/avr8/avr8-gnu-toolchain/bin/../lib/gcc/avr/4.9.2/../../../../avr/lib/avr5\libm.a
LOAD G:\my_hunnanbei_SHOT\atmel\ArduinoSketch1\ArduinoSketch1\ArduinoCore\Debug\libArduinoCore.a
END GROUP
LOAD c:/program files (x86)/atmel/studio/7.0/toolchain/avr8/avr8-gnu-toolchain/bin/../lib/gcc/avr/4.9.2/avr5\libgcc.a
LOAD c:/program files (x86)/atmel/studio/7.0/toolchain/avr8/avr8-gnu-toolchain/bin/../lib/gcc/avr/4.9.2/../../../../avr/lib/avr5\libm.a
START GROUP
LOAD c:/program files (x86)/atmel/studio/7.0/toolchain/avr8/avr8-gnu-toolchain/bin/../lib/gcc/avr/4.9.2/avr5\libgcc.a
LOAD c:/program files (x86)/atmel/studio/7.0/toolchain/avr8/avr8-gnu-toolchain/bin/../lib/gcc/avr/4.9.2/../../../../avr/lib/avr5\libm.a
LOAD c:/program files (x86)/atmel/studio/7.0/toolchain/avr8/avr8-gnu-toolchain/bin/../lib/gcc/avr/4.9.2/../../../../avr/lib/avr5\libc.a
LOAD C:/Program Files (x86)/Atmel/Studio/7.0/Packs/atmel/ATmega_DFP/1.0.106/gcc/dev/atmega328p/avr5\libatmega328p.a
END GROUP
                0x00020000                __TEXT_REGION_LENGTH__ = DEFINED (__TEXT_REGION_LENGTH__)?__TEXT_REGION_LENGTH__:0x20000
                0x0000ffa0                __DATA_REGION_LENGTH__ = DEFINED (__DATA_REGION_LENGTH__)?__DATA_REGION_LENGTH__:0xffa0
                0x00010000                __EEPROM_REGION_LENGTH__ = DEFINED (__EEPROM_REGION_LENGTH__)?__EEPROM_REGION_LENGTH__:0x10000
                0x00000400                __FUSE_REGION_LENGTH__ = DEFINED (__FUSE_REGION_LENGTH__)?__FUSE_REGION_LENGTH__:0x400
                0x00000400                __LOCK_REGION_LENGTH__ = DEFINED (__LOCK_REGION_LENGTH__)?__LOCK_REGION_LENGTH__:0x400
                0x00000400                __SIGNATURE_REGION_LENGTH__ = DEFINED (__SIGNATURE_REGION_LENGTH__)?__SIGNATURE_REGION_LENGTH__:0x400
                0x00000400                __USER_SIGNATURE_REGION_LENGTH__ = DEFINED (__USER_SIGNATURE_REGION_LENGTH__)?__USER_SIGNATURE_REGION_LENGTH__:0x400

.hash
 *(.hash)

.dynsym
 *(.dynsym)

.dynstr
 *(.dynstr)

.gnu.version
 *(.gnu.version)

.gnu.version_d
 *(.gnu.version_d)

.gnu.version_r
 *(.gnu.version_r)

.rel.init
 *(.rel.init)

.rela.init
 *(.rela.init)

.rel.text
 *(.rel.text)
 *(.rel.text.*)
 *(.rel.gnu.linkonce.t*)

.rela.text
 *(.rela.text)
 *(.rela.text.*)
 *(.rela.gnu.linkonce.t*)

.rel.fini
 *(.rel.fini)

.rela.fini
 *(.rela.fini)

.rel.rodata
 *(.rel.rodata)
 *(.rel.rodata.*)
 *(.rel.gnu.linkonce.r*)

.rela.rodata
 *(.rela.rodata)
 *(.rela.rodata.*)
 *(.rela.gnu.linkonce.r*)

.rel.data
 *(.rel.data)
 *(.rel.data.*)
 *(.rel.gnu.linkonce.d*)

.rela.data
 *(.rela.data)
 *(.rela.data.*)
 *(.rela.gnu.linkonce.d*)

.rel.ctors
 *(.rel.ctors)

.rela.ctors
 *(.rela.ctors)

.rel.dtors
 *(.rel.dtors)

.rela.dtors
 *(.rela.dtors)

.rel.got
 *(.rel.got)

.rela.got
 *(.rela.got)

.rel.bss
 *(.rel.bss)

.rela.bss
 *(.rela.bss)

.rel.plt
 *(.rel.plt)

.rela.plt
 *(.rela.plt)

.text           0x00000000     0x1ae4
 *(.vectors)
 .vectors       0x00000000       0x68 C:/Program Files (x86)/Atmel/Studio/7.0/Packs/atmel/ATmega_DFP/1.0.106/gcc/dev/atmega328p/avr5/crtatmega328p.o
                0x00000000                __vector_default
                0x00000000                __vectors
 *(.vectors)
 *(.progmem.gcc*)
                0x00000068                . = ALIGN (0x2)
                0x00000068                __trampolines_start = .
 *(.trampolines)
 .trampolines   0x00000068        0x0 linker stubs
 *(.trampolines*)
                0x00000068                __trampolines_end = .
 *libprintf_flt.a:*(.progmem.data)
 *libc.a:*(.progmem.data)
 *(.progmem*)
 .progmem.data.digital_pin_to_timer_PGM
                0x00000068       0x14 G:\my_hunnanbei_SHOT\atmel\ArduinoSketch1\ArduinoSketch1\ArduinoCore\Debug\libArduinoCore.a(wiring_digital.o)
                0x00000068                digital_pin_to_timer_PGM
 .progmem.data.digital_pin_to_bit_mask_PGM
                0x0000007c       0x14 G:\my_hunnanbei_SHOT\atmel\ArduinoSketch1\ArduinoSketch1\ArduinoCore\Debug\libArduinoCore.a(wiring_digital.o)
                0x0000007c                digital_pin_to_bit_mask_PGM
 .progmem.data.digital_pin_to_port_PGM
                0x00000090       0x14 G:\my_hunnanbei_SHOT\atmel\ArduinoSketch1\ArduinoSketch1\ArduinoCore\Debug\libArduinoCore.a(wiring_digital.o)
                0x00000090                digital_pin_to_port_PGM
 .progmem.data.port_to_output_PGM
                0x000000a4        0xa G:\my_hunnanbei_SHOT\atmel\ArduinoSketch1\ArduinoSketch1\ArduinoCore\Debug\libArduinoCore.a(wiring_digital.o)
                0x000000a4                port_to_output_PGM
 .progmem.data.port_to_mode_PGM
                0x000000ae        0xa G:\my_hunnanbei_SHOT\atmel\ArduinoSketch1\ArduinoSketch1\ArduinoCore\Debug\libArduinoCore.a(wiring_digital.o)
                0x000000ae                port_to_mode_PGM
                0x000000b8                . = ALIGN (0x2)
 *(.jumptables)
 *(.jumptables*)
 *(.lowtext)
 *(.lowtext*)
                0x000000b8                __ctors_start = .
 *(.ctors)
 .ctors         0x000000b8        0x2 Sketch.o
 .ctors         0x000000ba        0x2 src/libraries/Wire/src/Wire.o
 .ctors         0x000000bc        0x2 G:\my_hunnanbei_SHOT\atmel\ArduinoSketch1\ArduinoSketch1\ArduinoCore\Debug\libArduinoCore.a(HardwareSerial0.o)
                0x000000be                __ctors_end = .
                0x000000be                __dtors_start = .
 *(.dtors)
                0x000000be                __dtors_end = .
 SORT(*)(.ctors)
 SORT(*)(.dtors)
 *(.init0)
 .init0         0x000000be        0x0 C:/Program Files (x86)/Atmel/Studio/7.0/Packs/atmel/ATmega_DFP/1.0.106/gcc/dev/atmega328p/avr5/crtatmega328p.o
                0x000000be                __init
 *(.init0)
 *(.init1)
 *(.init1)
 *(.init2)
 .init2         0x000000be        0xc C:/Program Files (x86)/Atmel/Studio/7.0/Packs/atmel/ATmega_DFP/1.0.106/gcc/dev/atmega328p/avr5/crtatmega328p.o
 *(.init2)
 *(.init3)
 *(.init3)
 *(.init4)
 .init4         0x000000ca       0x16 c:/program files (x86)/atmel/studio/7.0/toolchain/avr8/avr8-gnu-toolchain/bin/../lib/gcc/avr/4.9.2/avr5\libgcc.a(_copy_data.o)
                0x000000ca                __do_copy_data
 .init4         0x000000e0       0x10 c:/program files (x86)/atmel/studio/7.0/toolchain/avr8/avr8-gnu-toolchain/bin/../lib/gcc/avr/4.9.2/avr5\libgcc.a(_clear_bss.o)
                0x000000e0                __do_clear_bss
 *(.init4)
 *(.init5)
 *(.init5)
 *(.init6)
 .init6         0x000000f0       0x16 c:/program files (x86)/atmel/studio/7.0/toolchain/avr8/avr8-gnu-toolchain/bin/../lib/gcc/avr/4.9.2/avr5\libgcc.a(_ctors.o)
                0x000000f0                __do_global_ctors
 *(.init6)
 *(.init7)
 *(.init7)
 *(.init8)
 *(.init8)
 *(.init9)
 .init9         0x00000106        0x8 C:/Program Files (x86)/Atmel/Studio/7.0/Packs/atmel/ATmega_DFP/1.0.106/gcc/dev/atmega328p/avr5/crtatmega328p.o
 *(.init9)
 *(.text)
 .text          0x0000010e        0x4 C:/Program Files (x86)/Atmel/Studio/7.0/Packs/atmel/ATmega_DFP/1.0.106/gcc/dev/atmega328p/avr5/crtatmega328p.o
                0x0000010e                __vector_22
                0x0000010e                __vector_1
                0x0000010e                __vector_12
                0x0000010e                __bad_interrupt
                0x0000010e                __vector_6
                0x0000010e                __vector_3
                0x0000010e                __vector_23
                0x0000010e                __vector_25
                0x0000010e                __vector_13
                0x0000010e                __vector_17
                0x0000010e                __vector_7
                0x0000010e                __vector_5
                0x0000010e                __vector_4
                0x0000010e                __vector_9
                0x0000010e                __vector_2
                0x0000010e                __vector_21
                0x0000010e                __vector_15
                0x0000010e                __vector_8
                0x0000010e                __vector_14
                0x0000010e                __vector_10
                0x0000010e                __vector_20
                0x00000112                . = ALIGN (0x2)
 *(.text.*)
 .text.setup    0x00000112       0x6e Sketch.o
                0x00000112                setup
 .text.loop     0x00000180      0x24c Sketch.o
                0x00000180                loop
 .text.startup._GLOBAL__sub_I_ESC1
                0x000003cc       0x10 Sketch.o
 .text.__vector_11
                0x000003dc      0x182 src/libraries/Servo/src/avr/Servo.o
                0x000003dc                __vector_11
 .text._ZN5ServoC2Ev
                0x0000055e       0x38 src/libraries/Servo/src/avr/Servo.o
                0x0000055e                _ZN5ServoC1Ev
                0x0000055e                _ZN5ServoC2Ev
 .text._ZN5Servo17writeMicrosecondsEi
                0x00000596       0x6a src/libraries/Servo/src/avr/Servo.o
                0x00000596                _ZN5Servo17writeMicrosecondsEi
 .text.twi_transmit
                0x00000600       0x50 src/libraries/Wire/src/utility/twi.o
                0x00000600                twi_transmit
 .text.twi_stop
                0x00000650       0x14 src/libraries/Wire/src/utility/twi.o
                0x00000650                twi_stop
 .text.twi_releaseBus
                0x00000664        0xc src/libraries/Wire/src/utility/twi.o
                0x00000664                twi_releaseBus
 .text.__vector_24
                0x00000670      0x25a src/libraries/Wire/src/utility/twi.o
                0x00000670                __vector_24
 .text._ZN5Print17availableForWriteEv
                0x000008ca        0x6 src/libraries/Wire/src/Wire.o
                0x000008ca                _ZN5Print17availableForWriteEv
 .text._ZN7TwoWire9availableEv
                0x000008d0       0x10 src/libraries/Wire/src/Wire.o
                0x000008d0                _ZN7TwoWire9availableEv
 .text._ZN7TwoWire4readEv
                0x000008e0       0x28 src/libraries/Wire/src/Wire.o
                0x000008e0                _ZN7TwoWire4readEv
 .text._ZN7TwoWire4peekEv
                0x00000908       0x1e src/libraries/Wire/src/Wire.o
                0x00000908                _ZN7TwoWire4peekEv
 .text._ZN7TwoWire5flushEv
                0x00000926        0x2 src/libraries/Wire/src/Wire.o
                0x00000926                _ZN7TwoWire5flushEv
 .text._ZN7TwoWire5writeEPKhj
                0x00000928       0x60 src/libraries/Wire/src/Wire.o
                0x00000928                _ZN7TwoWire5writeEPKhj
 .text._ZN7TwoWire5writeEh
                0x00000988       0x5e src/libraries/Wire/src/Wire.o
                0x00000988                _ZN7TwoWire5writeEh
 .text._ZN7TwoWireC2Ev
                0x000009e6       0x20 src/libraries/Wire/src/Wire.o
                0x000009e6                _ZN7TwoWireC1Ev
                0x000009e6                _ZN7TwoWireC2Ev
 .text.startup._GLOBAL__sub_I__ZN7TwoWire8rxBufferE
                0x00000a06        0x8 src/libraries/Wire/src/Wire.o
 .text.avr-libc.fplib
                0x00000a0e        0xe c:/program files (x86)/atmel/studio/7.0/toolchain/avr8/avr8-gnu-toolchain/bin/../lib/gcc/avr/4.9.2/../../../../avr/lib/avr5\libm.a(addsf3.o)
                0x00000a0e                __subsf3
                0x00000a10                __addsf3
 .text.avr-libc.fplib
                0x00000a1c       0xcc c:/program files (x86)/atmel/studio/7.0/toolchain/avr8/avr8-gnu-toolchain/bin/../lib/gcc/avr/4.9.2/../../../../avr/lib/avr5\libm.a(addsf3x.o)
                0x00000a3e                __addsf3x
 .text.avr-libc.fplib
                0x00000ae8        0xa c:/program files (x86)/atmel/studio/7.0/toolchain/avr8/avr8-gnu-toolchain/bin/../lib/gcc/avr/4.9.2/../../../../avr/lib/avr5\libm.a(cmpsf2.o)
                0x00000ae8                __nesf2
                0x00000ae8                __eqsf2
                0x00000ae8                __cmpsf2
                0x00000ae8                __ltsf2
                0x00000ae8                __lesf2
 .text.avr-libc.fplib
                0x00000af2        0x8 c:/program files (x86)/atmel/studio/7.0/toolchain/avr8/avr8-gnu-toolchain/bin/../lib/gcc/avr/4.9.2/../../../../avr/lib/avr5\libm.a(divsf3.o)
                0x00000af2                __divsf3
 .text.avr-libc.fplib
                0x00000afa       0xdc c:/program files (x86)/atmel/studio/7.0/toolchain/avr8/avr8-gnu-toolchain/bin/../lib/gcc/avr/4.9.2/../../../../avr/lib/avr5\libm.a(divsf3x.o)
                0x00000b1a                __divsf3x
                0x00000b20                __divsf3_pse
 .text.avr-libc.fplib
                0x00000bd6       0x7a c:/program files (x86)/atmel/studio/7.0/toolchain/avr8/avr8-gnu-toolchain/bin/../lib/gcc/avr/4.9.2/../../../../avr/lib/avr5\libm.a(floatsisf.o)
                0x00000bd6                __floatunsisf
                0x00000bda                __floatsisf
 .text.avr-libc.fplib
                0x00000c50       0x48 c:/program files (x86)/atmel/studio/7.0/toolchain/avr8/avr8-gnu-toolchain/bin/../lib/gcc/avr/4.9.2/../../../../avr/lib/avr5\libm.a(fp_cmp.o)
                0x00000c50                __fp_cmp
 .text.avr-libc.fplib
                0x00000c98        0xc c:/program files (x86)/atmel/studio/7.0/toolchain/avr8/avr8-gnu-toolchain/bin/../lib/gcc/avr/4.9.2/../../../../avr/lib/avr5\libm.a(fp_inf.o)
                0x00000c98                __fp_inf
 .text.avr-libc.fplib
                0x00000ca4        0x6 c:/program files (x86)/atmel/studio/7.0/toolchain/avr8/avr8-gnu-toolchain/bin/../lib/gcc/avr/4.9.2/../../../../avr/lib/avr5\libm.a(fp_nan.o)
                0x00000ca4                __fp_nan
 .text.avr-libc.fplib
                0x00000caa        0xe c:/program files (x86)/atmel/studio/7.0/toolchain/avr8/avr8-gnu-toolchain/bin/../lib/gcc/avr/4.9.2/../../../../avr/lib/avr5\libm.a(fp_pscA.o)
                0x00000caa                __fp_pscA
 .text.avr-libc.fplib
                0x00000cb8        0xe c:/program files (x86)/atmel/studio/7.0/toolchain/avr8/avr8-gnu-toolchain/bin/../lib/gcc/avr/4.9.2/../../../../avr/lib/avr5\libm.a(fp_pscB.o)
                0x00000cb8                __fp_pscB
 .text.avr-libc.fplib
                0x00000cc6       0x22 c:/program files (x86)/atmel/studio/7.0/toolchain/avr8/avr8-gnu-toolchain/bin/../lib/gcc/avr/4.9.2/../../../../avr/lib/avr5\libm.a(fp_round.o)
                0x00000cc6                __fp_round
 .text.avr-libc.fplib
                0x00000ce8       0x44 c:/program files (x86)/atmel/studio/7.0/toolchain/avr8/avr8-gnu-toolchain/bin/../lib/gcc/avr/4.9.2/../../../../avr/lib/avr5\libm.a(fp_split3.o)
                0x00000ce8                __fp_split3
                0x00000cf8                __fp_splitA
 .text.avr-libc.fplib
                0x00000d2c        0xe c:/program files (x86)/atmel/studio/7.0/toolchain/avr8/avr8-gnu-toolchain/bin/../lib/gcc/avr/4.9.2/../../../../avr/lib/avr5\libm.a(fp_zero.o)
                0x00000d2c                __fp_zero
                0x00000d2e                __fp_szero
 .text.avr-libc.fplib
                0x00000d3a        0xa c:/program files (x86)/atmel/studio/7.0/toolchain/avr8/avr8-gnu-toolchain/bin/../lib/gcc/avr/4.9.2/../../../../avr/lib/avr5\libm.a(gesf2.o)
                0x00000d3a                __gesf2
                0x00000d3a                __gtsf2
 .text.avr-libc.fplib
                0x00000d44        0x8 c:/program files (x86)/atmel/studio/7.0/toolchain/avr8/avr8-gnu-toolchain/bin/../lib/gcc/avr/4.9.2/../../../../avr/lib/avr5\libm.a(mulsf3.o)
                0x00000d44                __mulsf3
 .text.avr-libc.fplib
                0x00000d4c       0xd2 c:/program files (x86)/atmel/studio/7.0/toolchain/avr8/avr8-gnu-toolchain/bin/../lib/gcc/avr/4.9.2/../../../../avr/lib/avr5\libm.a(mulsf3x.o)
                0x00000d6a                __mulsf3x
                0x00000d70                __mulsf3_pse
 .text._ZN14HardwareSerial9availableEv
                0x00000e1e       0x18 G:\my_hunnanbei_SHOT\atmel\ArduinoSketch1\ArduinoSketch1\ArduinoCore\Debug\libArduinoCore.a(HardwareSerial.o)
                0x00000e1e                _ZN14HardwareSerial9availableEv
 .text._ZN14HardwareSerial4peekEv
                0x00000e36       0x1c G:\my_hunnanbei_SHOT\atmel\ArduinoSketch1\ArduinoSketch1\ArduinoCore\Debug\libArduinoCore.a(HardwareSerial.o)
                0x00000e36                _ZN14HardwareSerial4peekEv
 .text._ZN14HardwareSerial4readEv
                0x00000e52       0x28 G:\my_hunnanbei_SHOT\atmel\ArduinoSketch1\ArduinoSketch1\ArduinoCore\Debug\libArduinoCore.a(HardwareSerial.o)
                0x00000e52                _ZN14HardwareSerial4readEv
 .text._ZN14HardwareSerial17availableForWriteEv
                0x00000e7a       0x1e G:\my_hunnanbei_SHOT\atmel\ArduinoSketch1\ArduinoSketch1\ArduinoCore\Debug\libArduinoCore.a(HardwareSerial.o)
                0x00000e7a                _ZN14HardwareSerial17availableForWriteEv
 .text._Z14serialEventRunv
                0x00000e98       0x1c G:\my_hunnanbei_SHOT\atmel\ArduinoSketch1\ArduinoSketch1\ArduinoCore\Debug\libArduinoCore.a(HardwareSerial.o)
                0x00000e98                _Z14serialEventRunv
 .text._ZN14HardwareSerial17_tx_udr_empty_irqEv
                0x00000eb4       0x42 G:\my_hunnanbei_SHOT\atmel\ArduinoSketch1\ArduinoSketch1\ArduinoCore\Debug\libArduinoCore.a(HardwareSerial.o)
                0x00000eb4                _ZN14HardwareSerial17_tx_udr_empty_irqEv
 .text._ZN14HardwareSerial5flushEv
                0x00000ef6       0x44 G:\my_hunnanbei_SHOT\atmel\ArduinoSketch1\ArduinoSketch1\ArduinoCore\Debug\libArduinoCore.a(HardwareSerial.o)
                0x00000ef6                _ZN14HardwareSerial5flushEv
 .text._ZN14HardwareSerial5writeEh
                0x00000f3a       0x8e G:\my_hunnanbei_SHOT\atmel\ArduinoSketch1\ArduinoSketch1\ArduinoCore\Debug\libArduinoCore.a(HardwareSerial.o)
                0x00000f3a                _ZN14HardwareSerial5writeEh
 .text._ZN14HardwareSerial5beginEmh
                0x00000fc8       0xca G:\my_hunnanbei_SHOT\atmel\ArduinoSketch1\ArduinoSketch1\ArduinoCore\Debug\libArduinoCore.a(HardwareSerial.o)
                0x00000fc8                _ZN14HardwareSerial5beginEmh
 .text.__vector_18
                0x00001092       0x64 G:\my_hunnanbei_SHOT\atmel\ArduinoSketch1\ArduinoSketch1\ArduinoCore\Debug\libArduinoCore.a(HardwareSerial0.o)
                0x00001092                __vector_18
 .text.__vector_19
                0x000010f6       0x4c G:\my_hunnanbei_SHOT\atmel\ArduinoSketch1\ArduinoSketch1\ArduinoCore\Debug\libArduinoCore.a(HardwareSerial0.o)
                0x000010f6                __vector_19
 .text._Z17Serial0_availablev
                0x00001142       0x14 G:\my_hunnanbei_SHOT\atmel\ArduinoSketch1\ArduinoSketch1\ArduinoCore\Debug\libArduinoCore.a(HardwareSerial0.o)
                0x00001142                _Z17Serial0_availablev
 .text.startup._GLOBAL__sub_I___vector_18
                0x00001156       0x5a G:\my_hunnanbei_SHOT\atmel\ArduinoSketch1\ArduinoSketch1\ArduinoCore\Debug\libArduinoCore.a(HardwareSerial0.o)
 .text.initVariant
                0x000011b0        0x2 G:\my_hunnanbei_SHOT\atmel\ArduinoSketch1\ArduinoSketch1\ArduinoCore\Debug\libArduinoCore.a(main.o)
                0x000011b0                initVariant
 .text.startup.main
                0x000011b2       0x1e G:\my_hunnanbei_SHOT\atmel\ArduinoSketch1\ArduinoSketch1\ArduinoCore\Debug\libArduinoCore.a(main.o)
                0x000011b2                main
 .text._ZN5Print5writeEPKhj
                0x000011d0       0x56 G:\my_hunnanbei_SHOT\atmel\ArduinoSketch1\ArduinoSketch1\ArduinoCore\Debug\libArduinoCore.a(Print.o)
                0x000011d0                _ZN5Print5writeEPKhj
 .text._ZN5Print5writeEPKc
                0x00001226       0x2a G:\my_hunnanbei_SHOT\atmel\ArduinoSketch1\ArduinoSketch1\ArduinoCore\Debug\libArduinoCore.a(Print.o)
                0x00001226                _ZN5Print5writeEPKc
 .text._ZN5Print5printEc
                0x00001250        0xe G:\my_hunnanbei_SHOT\atmel\ArduinoSketch1\ArduinoSketch1\ArduinoCore\Debug\libArduinoCore.a(Print.o)
                0x00001250                _ZN5Print5printEc
 .text._ZN5Print7printlnEv
                0x0000125e        0x8 G:\my_hunnanbei_SHOT\atmel\ArduinoSketch1\ArduinoSketch1\ArduinoCore\Debug\libArduinoCore.a(Print.o)
                0x0000125e                _ZN5Print7printlnEv
 .text._ZN5Print7printlnEPKc
                0x00001266       0x24 G:\my_hunnanbei_SHOT\atmel\ArduinoSketch1\ArduinoSketch1\ArduinoCore\Debug\libArduinoCore.a(Print.o)
                0x00001266                _ZN5Print7printlnEPKc
 .text._ZN5Print11printNumberEmh
                0x0000128a       0xa8 G:\my_hunnanbei_SHOT\atmel\ArduinoSketch1\ArduinoSketch1\ArduinoCore\Debug\libArduinoCore.a(Print.o)
                0x0000128a                _ZN5Print11printNumberEmh
 .text._ZN5Print10printFloatEdh
                0x00001332      0x1c4 G:\my_hunnanbei_SHOT\atmel\ArduinoSketch1\ArduinoSketch1\ArduinoCore\Debug\libArduinoCore.a(Print.o)
                0x00001332                _ZN5Print10printFloatEdh
 .text._ZN5Print7printlnEdi
                0x000014f6       0x24 G:\my_hunnanbei_SHOT\atmel\ArduinoSketch1\ArduinoSketch1\ArduinoCore\Debug\libArduinoCore.a(Print.o)
                0x000014f6                _ZN5Print7printlnEdi
 .text.__vector_16
                0x0000151a       0x94 G:\my_hunnanbei_SHOT\atmel\ArduinoSketch1\ArduinoSketch1\ArduinoCore\Debug\libArduinoCore.a(wiring.o)
                0x0000151a                __vector_16
 .text.micros   0x000015ae       0x4a G:\my_hunnanbei_SHOT\atmel\ArduinoSketch1\ArduinoSketch1\ArduinoCore\Debug\libArduinoCore.a(wiring.o)
                0x000015ae                micros
 .text.delay    0x000015f8       0x78 G:\my_hunnanbei_SHOT\atmel\ArduinoSketch1\ArduinoSketch1\ArduinoCore\Debug\libArduinoCore.a(wiring.o)
                0x000015f8                delay
 .text.delayMicroseconds
                0x00001670       0x16 G:\my_hunnanbei_SHOT\atmel\ArduinoSketch1\ArduinoSketch1\ArduinoCore\Debug\libArduinoCore.a(wiring.o)
                0x00001670                delayMicroseconds
 .text.init     0x00001686       0x76 G:\my_hunnanbei_SHOT\atmel\ArduinoSketch1\ArduinoSketch1\ArduinoCore\Debug\libArduinoCore.a(wiring.o)
                0x00001686                init
 .text.analogRead
                0x000016fc       0x3a G:\my_hunnanbei_SHOT\atmel\ArduinoSketch1\ArduinoSketch1\ArduinoCore\Debug\libArduinoCore.a(wiring_analog.o)
                0x000016fc                analogRead
 .text.turnOffPWM
                0x00001736       0x52 G:\my_hunnanbei_SHOT\atmel\ArduinoSketch1\ArduinoSketch1\ArduinoCore\Debug\libArduinoCore.a(wiring_digital.o)
 .text.pinMode  0x00001788       0x78 G:\my_hunnanbei_SHOT\atmel\ArduinoSketch1\ArduinoSketch1\ArduinoCore\Debug\libArduinoCore.a(wiring_digital.o)
                0x00001788                pinMode
 .text.digitalWrite
                0x00001800       0x60 G:\my_hunnanbei_SHOT\atmel\ArduinoSketch1\ArduinoSketch1\ArduinoCore\Debug\libArduinoCore.a(wiring_digital.o)
                0x00001800                digitalWrite
 .text._Z6randoml
                0x00001860       0x48 G:\my_hunnanbei_SHOT\atmel\ArduinoSketch1\ArduinoSketch1\ArduinoCore\Debug\libArduinoCore.a(WMath.o)
                0x00001860                _Z6randoml
 .text._Z6randomll
                0x000018a8       0x44 G:\my_hunnanbei_SHOT\atmel\ArduinoSketch1\ArduinoSketch1\ArduinoCore\Debug\libArduinoCore.a(WMath.o)
                0x000018a8                _Z6randomll
 .text.__empty  0x000018ec        0x2 G:\my_hunnanbei_SHOT\atmel\ArduinoSketch1\ArduinoSketch1\ArduinoCore\Debug\libArduinoCore.a(hooks.o)
                0x000018ec                yield
 .text.avr-libc.fplib
                0x000018ee       0x5e c:/program files (x86)/atmel/studio/7.0/toolchain/avr8/avr8-gnu-toolchain/bin/../lib/gcc/avr/4.9.2/../../../../avr/lib/avr5\libm.a(fixunssfsi.o)
                0x000018ee                __fixunssfsi
 .text.avr-libc.fplib
                0x0000194c        0xa c:/program files (x86)/atmel/studio/7.0/toolchain/avr8/avr8-gnu-toolchain/bin/../lib/gcc/avr/4.9.2/../../../../avr/lib/avr5\libm.a(unordsf2.o)
                0x0000194c                __unordsf2
 .text.libgcc.div
                0x00001956       0x44 c:/program files (x86)/atmel/studio/7.0/toolchain/avr8/avr8-gnu-toolchain/bin/../lib/gcc/avr/4.9.2/avr5\libgcc.a(_udivmodsi4.o)
                0x00001956                __udivmodsi4
 .text.libgcc.div
                0x0000199a       0x2e c:/program files (x86)/atmel/studio/7.0/toolchain/avr8/avr8-gnu-toolchain/bin/../lib/gcc/avr/4.9.2/avr5\libgcc.a(_divmodsi4.o)
                0x0000199a                __divmodsi4
 .text.libgcc.div
                0x000019c8       0x10 c:/program files (x86)/atmel/studio/7.0/toolchain/avr8/avr8-gnu-toolchain/bin/../lib/gcc/avr/4.9.2/avr5\libgcc.a(_negsi2.o)
                0x000019c8                __negsi2
 .text.libgcc.mul
                0x000019d8       0x16 c:/program files (x86)/atmel/studio/7.0/toolchain/avr8/avr8-gnu-toolchain/bin/../lib/gcc/avr/4.9.2/avr5\libgcc.a(_muluhisi3.o)
                0x000019d8                __muluhisi3
 .text.libgcc   0x000019ee        0xc c:/program files (x86)/atmel/studio/7.0/toolchain/avr8/avr8-gnu-toolchain/bin/../lib/gcc/avr/4.9.2/avr5\libgcc.a(_tablejump2.o)
                0x000019ee                __tablejump2__
 .text.libgcc.mul
                0x000019fa       0x1e c:/program files (x86)/atmel/studio/7.0/toolchain/avr8/avr8-gnu-toolchain/bin/../lib/gcc/avr/4.9.2/avr5\libgcc.a(_umulhisi3.o)
                0x000019fa                __umulhisi3
 .text.avr-libc
                0x00001a18       0xb8 c:/program files (x86)/atmel/studio/7.0/toolchain/avr8/avr8-gnu-toolchain/bin/../lib/gcc/avr/4.9.2/../../../../avr/lib/avr5\libc.a(random.o)
                0x00001aae                random_r
                0x00001ab4                random
                0x00001abe                srandom
 .text.libgcc.mul
                0x00001ad0       0x10 c:/program files (x86)/atmel/studio/7.0/toolchain/avr8/avr8-gnu-toolchain/bin/../lib/gcc/avr/4.9.2/avr5\libgcc.a(_mulshisi3.o)
                0x00001ad0                __mulshisi3
                0x00001ad6                __mulohisi3
                0x00001ae0                . = ALIGN (0x2)
 *(.fini9)
 .fini9         0x00001ae0        0x0 c:/program files (x86)/atmel/studio/7.0/toolchain/avr8/avr8-gnu-toolchain/bin/../lib/gcc/avr/4.9.2/avr5\libgcc.a(_exit.o)
                0x00001ae0                _exit
                0x00001ae0                exit
 *(.fini9)
 *(.fini8)
 *(.fini8)
 *(.fini7)
 *(.fini7)
 *(.fini6)
 *(.fini6)
 *(.fini5)
 *(.fini5)
 *(.fini4)
 *(.fini4)
 *(.fini3)
 *(.fini3)
 *(.fini2)
 *(.fini2)
 *(.fini1)
 *(.fini1)
 *(.fini0)
 .fini0         0x00001ae0        0x4 c:/program files (x86)/atmel/studio/7.0/toolchain/avr8/avr8-gnu-toolchain/bin/../lib/gcc/avr/4.9.2/avr5\libgcc.a(_exit.o)
 *(.fini0)
                0x00001ae4                _etext = .

.data           0x00800100       0x42 load address 0x00001ae4
                0x00800100                PROVIDE (__data_start, .)
 *(.data)
 .data          0x00800100        0x4 c:/program files (x86)/atmel/studio/7.0/toolchain/avr8/avr8-gnu-toolchain/bin/../lib/gcc/avr/4.9.2/../../../../avr/lib/avr5\libc.a(random.o)
 *(.data*)
 .data.analog_reference
                0x00800104        0x1 G:\my_hunnanbei_SHOT\atmel\ArduinoSketch1\ArduinoSketch1\ArduinoCore\Debug\libArduinoCore.a(wiring_analog.o)
                0x00800104                analog_reference
 *(.rodata)
 *(.rodata*)
 .rodata.str1.1
                0x00800105        0x9 Sketch.o
 .rodata._ZTV7TwoWire
                0x0080010e       0x12 src/libraries/Wire/src/Wire.o
                0x0080010e                _ZTV7TwoWire
 .rodata._ZTV14HardwareSerial
                0x00800120       0x12 G:\my_hunnanbei_SHOT\atmel\ArduinoSketch1\ArduinoSketch1\ArduinoCore\Debug\libArduinoCore.a(HardwareSerial.o)
                0x00800120                _ZTV14HardwareSerial
 .rodata.str1.1
                0x00800132        0xf G:\my_hunnanbei_SHOT\atmel\ArduinoSketch1\ArduinoSketch1\ArduinoCore\Debug\libArduinoCore.a(Print.o)
 *(.gnu.linkonce.d*)
                0x00800142                . = ALIGN (0x2)
 *fill*         0x00800141        0x1 
                0x00800142                _edata = .
                0x00800142                PROVIDE (__data_end, .)

.bss            0x00800142      0x191
                0x00800142                PROVIDE (__bss_start, .)
 *(.bss)
 *(.bss*)
 .bss.ESC2      0x00800142        0x3 Sketch.o
                0x00800142                ESC2
 .bss.ESC1      0x00800145        0x3 Sketch.o
                0x00800145                ESC1
 .bss.ServoCount
                0x00800148        0x1 src/libraries/Servo/src/avr/Servo.o
                0x00800148                ServoCount
 .bss._ZL7Channel
                0x00800149        0x1 src/libraries/Servo/src/avr/Servo.o
 .bss._ZL6servos
                0x0080014a       0x24 src/libraries/Servo/src/avr/Servo.o
 .bss.twi_error
                0x0080016e        0x1 src/libraries/Wire/src/utility/twi.o
 .bss.twi_rxBufferIndex
                0x0080016f        0x1 src/libraries/Wire/src/utility/twi.o
 .bss.twi_rxBuffer
                0x00800170       0x20 src/libraries/Wire/src/utility/twi.o
 .bss.twi_txBufferLength
                0x00800190        0x1 src/libraries/Wire/src/utility/twi.o
 .bss.twi_txBufferIndex
                0x00800191        0x1 src/libraries/Wire/src/utility/twi.o
 .bss.twi_txBuffer
                0x00800192       0x20 src/libraries/Wire/src/utility/twi.o
 .bss.twi_masterBufferLength
                0x008001b2        0x1 src/libraries/Wire/src/utility/twi.o
 .bss.twi_masterBufferIndex
                0x008001b3        0x1 src/libraries/Wire/src/utility/twi.o
 .bss.twi_masterBuffer
                0x008001b4       0x20 src/libraries/Wire/src/utility/twi.o
 .bss.twi_onSlaveReceive
                0x008001d4        0x2 src/libraries/Wire/src/utility/twi.o
 .bss.twi_onSlaveTransmit
                0x008001d6        0x2 src/libraries/Wire/src/utility/twi.o
 .bss.twi_inRepStart
                0x008001d8        0x1 src/libraries/Wire/src/utility/twi.o
 .bss.twi_sendStop
                0x008001d9        0x1 src/libraries/Wire/src/utility/twi.o
 .bss.twi_slarw
                0x008001da        0x1 src/libraries/Wire/src/utility/twi.o
 .bss.twi_state
                0x008001db        0x1 src/libraries/Wire/src/utility/twi.o
 .bss.Wire      0x008001dc        0xc src/libraries/Wire/src/Wire.o
                0x008001dc                Wire
 .bss._ZN7TwoWire12transmittingE
                0x008001e8        0x1 src/libraries/Wire/src/Wire.o
                0x008001e8                _ZN7TwoWire12transmittingE
 .bss._ZN7TwoWire14txBufferLengthE
                0x008001e9        0x1 src/libraries/Wire/src/Wire.o
                0x008001e9                _ZN7TwoWire14txBufferLengthE
 .bss._ZN7TwoWire13txBufferIndexE
                0x008001ea        0x1 src/libraries/Wire/src/Wire.o
                0x008001ea                _ZN7TwoWire13txBufferIndexE
 .bss._ZN7TwoWire8txBufferE
                0x008001eb       0x20 src/libraries/Wire/src/Wire.o
                0x008001eb                _ZN7TwoWire8txBufferE
 .bss._ZN7TwoWire14rxBufferLengthE
                0x0080020b        0x1 src/libraries/Wire/src/Wire.o
                0x0080020b                _ZN7TwoWire14rxBufferLengthE
 .bss._ZN7TwoWire13rxBufferIndexE
                0x0080020c        0x1 src/libraries/Wire/src/Wire.o
                0x0080020c                _ZN7TwoWire13rxBufferIndexE
 .bss._ZN7TwoWire8rxBufferE
                0x0080020d       0x20 src/libraries/Wire/src/Wire.o
                0x0080020d                _ZN7TwoWire8rxBufferE
 .bss.Serial    0x0080022d       0x9d G:\my_hunnanbei_SHOT\atmel\ArduinoSketch1\ArduinoSketch1\ArduinoCore\Debug\libArduinoCore.a(HardwareSerial0.o)
                0x0080022d                Serial
 .bss.timer0_fract
                0x008002ca        0x1 G:\my_hunnanbei_SHOT\atmel\ArduinoSketch1\ArduinoSketch1\ArduinoCore\Debug\libArduinoCore.a(wiring.o)
 .bss.timer0_millis
                0x008002cb        0x4 G:\my_hunnanbei_SHOT\atmel\ArduinoSketch1\ArduinoSketch1\ArduinoCore\Debug\libArduinoCore.a(wiring.o)
                0x008002cb                timer0_millis
 .bss.timer0_overflow_count
                0x008002cf        0x4 G:\my_hunnanbei_SHOT\atmel\ArduinoSketch1\ArduinoSketch1\ArduinoCore\Debug\libArduinoCore.a(wiring.o)
                0x008002cf                timer0_overflow_count
 *(COMMON)
                0x008002d3                PROVIDE (__bss_end, .)
                0x00001ae4                __data_load_start = LOADADDR (.data)
                0x00001b26                __data_load_end = (__data_load_start + SIZEOF (.data))

.noinit         0x008002d3        0x0
                [!provide]                PROVIDE (__noinit_start, .)
 *(.noinit*)
                [!provide]                PROVIDE (__noinit_end, .)
                0x008002d3                _end = .
                [!provide]                PROVIDE (__heap_start, .)

.eeprom         0x00810000        0x0
 *(.eeprom*)
                0x00810000                __eeprom_end = .

.fuse
 *(.fuse)
 *(.lfuse)
 *(.hfuse)
 *(.efuse)

.lock
 *(.lock*)

.signature
 *(.signature*)

.user_signatures
 *(.user_signatures*)

.stab
 *(.stab)

.stabstr
 *(.stabstr)

.stab.excl
 *(.stab.excl)

.stab.exclstr
 *(.stab.exclstr)

.stab.index
 *(.stab.index)

.stab.indexstr
 *(.stab.indexstr)

.comment        0x00000000       0x30
 *(.comment)
 .comment       0x00000000       0x30 Sketch.o
                                 0x31 (size before relaxing)
 .comment       0x00000030       0x31 src/libraries/Servo/src/avr/Servo.o
 .comment       0x00000030       0x31 src/libraries/Wire/src/utility/twi.o
 .comment       0x00000030       0x31 src/libraries/Wire/src/Wire.o
 .comment       0x00000030       0x31 G:\my_hunnanbei_SHOT\atmel\ArduinoSketch1\ArduinoSketch1\ArduinoCore\Debug\libArduinoCore.a(HardwareSerial.o)
 .comment       0x00000030       0x31 G:\my_hunnanbei_SHOT\atmel\ArduinoSketch1\ArduinoSketch1\ArduinoCore\Debug\libArduinoCore.a(HardwareSerial0.o)
 .comment       0x00000030       0x31 G:\my_hunnanbei_SHOT\atmel\ArduinoSketch1\ArduinoSketch1\ArduinoCore\Debug\libArduinoCore.a(main.o)
 .comment       0x00000030       0x31 G:\my_hunnanbei_SHOT\atmel\ArduinoSketch1\ArduinoSketch1\ArduinoCore\Debug\libArduinoCore.a(Print.o)
 .comment       0x00000030       0x31 G:\my_hunnanbei_SHOT\atmel\ArduinoSketch1\ArduinoSketch1\ArduinoCore\Debug\libArduinoCore.a(wiring.o)
 .comment       0x00000030       0x31 G:\my_hunnanbei_SHOT\atmel\ArduinoSketch1\ArduinoSketch1\ArduinoCore\Debug\libArduinoCore.a(wiring_analog.o)
 .comment       0x00000030       0x31 G:\my_hunnanbei_SHOT\atmel\ArduinoSketch1\ArduinoSketch1\ArduinoCore\Debug\libArduinoCore.a(wiring_digital.o)
 .comment       0x00000030       0x31 G:\my_hunnanbei_SHOT\atmel\ArduinoSketch1\ArduinoSketch1\ArduinoCore\Debug\libArduinoCore.a(WMath.o)
 .comment       0x00000030       0x31 G:\my_hunnanbei_SHOT\atmel\ArduinoSketch1\ArduinoSketch1\ArduinoCore\Debug\libArduinoCore.a(hooks.o)
 .comment       0x00000030       0x31 c:/program files (x86)/atmel/studio/7.0/toolchain/avr8/avr8-gnu-toolchain/bin/../lib/gcc/avr/4.9.2/../../../../avr/lib/avr5\libc.a(random.o)

.note.gnu.avr.deviceinfo
                0x00000000       0x40
 .note.gnu.avr.deviceinfo
                0x00000000       0x40 C:/Program Files (x86)/Atmel/Studio/7.0/Packs/atmel/ATmega_DFP/1.0.106/gcc/dev/atmega328p/avr5/crtatmega328p.o

.note.gnu.build-id
 *(.note.gnu.build-id)

.debug
 *(.debug)

.line
 *(.line)

.debug_srcinfo
 *(.debug_srcinfo)

.debug_sfnames
 *(.debug_sfnames)

.debug_aranges  0x00000000      0x510
 *(.debug_aranges)
 .debug_aranges
                0x00000000       0x30 Sketch.o
 .debug_aranges
                0x00000030       0x68 src/libraries/Servo/src/avr/Servo.o
 .debug_aranges
                0x00000098       0x80 src/libraries/Wire/src/utility/twi.o
 .debug_aranges
                0x00000118       0xf8 src/libraries/Wire/src/Wire.o
 .debug_aranges
                0x00000210       0x68 G:\my_hunnanbei_SHOT\atmel\ArduinoSketch1\ArduinoSketch1\ArduinoCore\Debug\libArduinoCore.a(HardwareSerial.o)
 .debug_aranges
                0x00000278       0x48 G:\my_hunnanbei_SHOT\atmel\ArduinoSketch1\ArduinoSketch1\ArduinoCore\Debug\libArduinoCore.a(HardwareSerial0.o)
 .debug_aranges
                0x000002c0       0x38 G:\my_hunnanbei_SHOT\atmel\ArduinoSketch1\ArduinoSketch1\ArduinoCore\Debug\libArduinoCore.a(main.o)
 .debug_aranges
                0x000002f8      0x100 G:\my_hunnanbei_SHOT\atmel\ArduinoSketch1\ArduinoSketch1\ArduinoCore\Debug\libArduinoCore.a(Print.o)
 .debug_aranges
                0x000003f8       0x48 G:\my_hunnanbei_SHOT\atmel\ArduinoSketch1\ArduinoSketch1\ArduinoCore\Debug\libArduinoCore.a(wiring.o)
 .debug_aranges
                0x00000440       0x30 G:\my_hunnanbei_SHOT\atmel\ArduinoSketch1\ArduinoSketch1\ArduinoCore\Debug\libArduinoCore.a(wiring_analog.o)
 .debug_aranges
                0x00000470       0x38 G:\my_hunnanbei_SHOT\atmel\ArduinoSketch1\ArduinoSketch1\ArduinoCore\Debug\libArduinoCore.a(wiring_digital.o)
 .debug_aranges
                0x000004a8       0x48 G:\my_hunnanbei_SHOT\atmel\ArduinoSketch1\ArduinoSketch1\ArduinoCore\Debug\libArduinoCore.a(WMath.o)
 .debug_aranges
                0x000004f0       0x20 G:\my_hunnanbei_SHOT\atmel\ArduinoSketch1\ArduinoSketch1\ArduinoCore\Debug\libArduinoCore.a(hooks.o)

.debug_pubnames
 *(.debug_pubnames)

.debug_info     0x00000000     0xb513
 *(.debug_info .gnu.linkonce.wi.*)
 .debug_info    0x00000000      0xae8 Sketch.o
 .debug_info    0x00000ae8      0x8f9 src/libraries/Servo/src/avr/Servo.o
 .debug_info    0x000013e1      0x609 src/libraries/Wire/src/utility/twi.o
 .debug_info    0x000019ea     0x27c0 src/libraries/Wire/src/Wire.o
 .debug_info    0x000041aa     0x1e35 G:\my_hunnanbei_SHOT\atmel\ArduinoSketch1\ArduinoSketch1\ArduinoCore\Debug\libArduinoCore.a(HardwareSerial.o)
 .debug_info    0x00005fdf     0x1ac7 G:\my_hunnanbei_SHOT\atmel\ArduinoSketch1\ArduinoSketch1\ArduinoCore\Debug\libArduinoCore.a(HardwareSerial0.o)
 .debug_info    0x00007aa6      0x231 G:\my_hunnanbei_SHOT\atmel\ArduinoSketch1\ArduinoSketch1\ArduinoCore\Debug\libArduinoCore.a(main.o)
 .debug_info    0x00007cd7     0x2a7c G:\my_hunnanbei_SHOT\atmel\ArduinoSketch1\ArduinoSketch1\ArduinoCore\Debug\libArduinoCore.a(Print.o)
 .debug_info    0x0000a753      0x2c8 G:\my_hunnanbei_SHOT\atmel\ArduinoSketch1\ArduinoSketch1\ArduinoCore\Debug\libArduinoCore.a(wiring.o)
 .debug_info    0x0000aa1b      0x281 G:\my_hunnanbei_SHOT\atmel\ArduinoSketch1\ArduinoSketch1\ArduinoCore\Debug\libArduinoCore.a(wiring_analog.o)
 .debug_info    0x0000ac9c      0x5f9 G:\my_hunnanbei_SHOT\atmel\ArduinoSketch1\ArduinoSketch1\ArduinoCore\Debug\libArduinoCore.a(wiring_digital.o)
 .debug_info    0x0000b295      0x240 G:\my_hunnanbei_SHOT\atmel\ArduinoSketch1\ArduinoSketch1\ArduinoCore\Debug\libArduinoCore.a(WMath.o)
 .debug_info    0x0000b4d5       0x3e G:\my_hunnanbei_SHOT\atmel\ArduinoSketch1\ArduinoSketch1\ArduinoCore\Debug\libArduinoCore.a(hooks.o)

.debug_abbrev   0x00000000     0x2233
 *(.debug_abbrev)
 .debug_abbrev  0x00000000      0x2e5 Sketch.o
 .debug_abbrev  0x000002e5      0x39c src/libraries/Servo/src/avr/Servo.o
 .debug_abbrev  0x00000681      0x25f src/libraries/Wire/src/utility/twi.o
 .debug_abbrev  0x000008e0      0x5c4 src/libraries/Wire/src/Wire.o
 .debug_abbrev  0x00000ea4      0x478 G:\my_hunnanbei_SHOT\atmel\ArduinoSketch1\ArduinoSketch1\ArduinoCore\Debug\libArduinoCore.a(HardwareSerial.o)
 .debug_abbrev  0x0000131c      0x3dd G:\my_hunnanbei_SHOT\atmel\ArduinoSketch1\ArduinoSketch1\ArduinoCore\Debug\libArduinoCore.a(HardwareSerial0.o)
 .debug_abbrev  0x000016f9      0x109 G:\my_hunnanbei_SHOT\atmel\ArduinoSketch1\ArduinoSketch1\ArduinoCore\Debug\libArduinoCore.a(main.o)
 .debug_abbrev  0x00001802      0x498 G:\my_hunnanbei_SHOT\atmel\ArduinoSketch1\ArduinoSketch1\ArduinoCore\Debug\libArduinoCore.a(Print.o)
 .debug_abbrev  0x00001c9a      0x145 G:\my_hunnanbei_SHOT\atmel\ArduinoSketch1\ArduinoSketch1\ArduinoCore\Debug\libArduinoCore.a(wiring.o)
 .debug_abbrev  0x00001ddf      0x184 G:\my_hunnanbei_SHOT\atmel\ArduinoSketch1\ArduinoSketch1\ArduinoCore\Debug\libArduinoCore.a(wiring_analog.o)
 .debug_abbrev  0x00001f63      0x15b G:\my_hunnanbei_SHOT\atmel\ArduinoSketch1\ArduinoSketch1\ArduinoCore\Debug\libArduinoCore.a(wiring_digital.o)
 .debug_abbrev  0x000020be      0x14b G:\my_hunnanbei_SHOT\atmel\ArduinoSketch1\ArduinoSketch1\ArduinoCore\Debug\libArduinoCore.a(WMath.o)
 .debug_abbrev  0x00002209       0x2a G:\my_hunnanbei_SHOT\atmel\ArduinoSketch1\ArduinoSketch1\ArduinoCore\Debug\libArduinoCore.a(hooks.o)

.debug_line     0x00000000     0x2aab
 *(.debug_line .debug_line.* .debug_line_end)
 .debug_line    0x00000000      0x405 Sketch.o
 .debug_line    0x00000405      0x3b9 src/libraries/Servo/src/avr/Servo.o
 .debug_line    0x000007be      0x52e src/libraries/Wire/src/utility/twi.o
 .debug_line    0x00000cec      0x5e6 src/libraries/Wire/src/Wire.o
 .debug_line    0x000012d2      0x43b G:\my_hunnanbei_SHOT\atmel\ArduinoSketch1\ArduinoSketch1\ArduinoCore\Debug\libArduinoCore.a(HardwareSerial.o)
 .debug_line    0x0000170d      0x2a1 G:\my_hunnanbei_SHOT\atmel\ArduinoSketch1\ArduinoSketch1\ArduinoCore\Debug\libArduinoCore.a(HardwareSerial0.o)
 .debug_line    0x000019ae      0x18a G:\my_hunnanbei_SHOT\atmel\ArduinoSketch1\ArduinoSketch1\ArduinoCore\Debug\libArduinoCore.a(main.o)
 .debug_line    0x00001b38      0x6b0 G:\my_hunnanbei_SHOT\atmel\ArduinoSketch1\ArduinoSketch1\ArduinoCore\Debug\libArduinoCore.a(Print.o)
 .debug_line    0x000021e8      0x2ae G:\my_hunnanbei_SHOT\atmel\ArduinoSketch1\ArduinoSketch1\ArduinoCore\Debug\libArduinoCore.a(wiring.o)
 .debug_line    0x00002496      0x224 G:\my_hunnanbei_SHOT\atmel\ArduinoSketch1\ArduinoSketch1\ArduinoCore\Debug\libArduinoCore.a(wiring_analog.o)
 .debug_line    0x000026ba      0x267 G:\my_hunnanbei_SHOT\atmel\ArduinoSketch1\ArduinoSketch1\ArduinoCore\Debug\libArduinoCore.a(wiring_digital.o)
 .debug_line    0x00002921      0x149 G:\my_hunnanbei_SHOT\atmel\ArduinoSketch1\ArduinoSketch1\ArduinoCore\Debug\libArduinoCore.a(WMath.o)
 .debug_line    0x00002a6a       0x41 G:\my_hunnanbei_SHOT\atmel\ArduinoSketch1\ArduinoSketch1\ArduinoCore\Debug\libArduinoCore.a(hooks.o)

.debug_frame    0x00000000      0xe48
 *(.debug_frame)
 .debug_frame   0x00000000       0x44 Sketch.o
 .debug_frame   0x00000044      0x1b0 src/libraries/Servo/src/avr/Servo.o
 .debug_frame   0x000001f4      0x134 src/libraries/Wire/src/utility/twi.o
 .debug_frame   0x00000328      0x278 src/libraries/Wire/src/Wire.o
 .debug_frame   0x000005a0      0x110 G:\my_hunnanbei_SHOT\atmel\ArduinoSketch1\ArduinoSketch1\ArduinoCore\Debug\libArduinoCore.a(HardwareSerial.o)
 .debug_frame   0x000006b0       0xe0 G:\my_hunnanbei_SHOT\atmel\ArduinoSketch1\ArduinoSketch1\ArduinoCore\Debug\libArduinoCore.a(HardwareSerial0.o)
 .debug_frame   0x00000790       0x54 G:\my_hunnanbei_SHOT\atmel\ArduinoSketch1\ArduinoSketch1\ArduinoCore\Debug\libArduinoCore.a(main.o)
 .debug_frame   0x000007e4      0x3bc G:\my_hunnanbei_SHOT\atmel\ArduinoSketch1\ArduinoSketch1\ArduinoCore\Debug\libArduinoCore.a(Print.o)
 .debug_frame   0x00000ba0       0xc4 G:\my_hunnanbei_SHOT\atmel\ArduinoSketch1\ArduinoSketch1\ArduinoCore\Debug\libArduinoCore.a(wiring.o)
 .debug_frame   0x00000c64       0x54 G:\my_hunnanbei_SHOT\atmel\ArduinoSketch1\ArduinoSketch1\ArduinoCore\Debug\libArduinoCore.a(wiring_analog.o)
 .debug_frame   0x00000cb8       0x7c G:\my_hunnanbei_SHOT\atmel\ArduinoSketch1\ArduinoSketch1\ArduinoCore\Debug\libArduinoCore.a(wiring_digital.o)
 .debug_frame   0x00000d34       0xf0 G:\my_hunnanbei_SHOT\atmel\ArduinoSketch1\ArduinoSketch1\ArduinoCore\Debug\libArduinoCore.a(WMath.o)
 .debug_frame   0x00000e24       0x24 G:\my_hunnanbei_SHOT\atmel\ArduinoSketch1\ArduinoSketch1\ArduinoCore\Debug\libArduinoCore.a(hooks.o)

.debug_str      0x00000000     0x242f
 *(.debug_str)
 .debug_str     0x00000000      0x49e Sketch.o
                                0x510 (size before relaxing)
 .debug_str     0x0000049e      0x13a src/libraries/Servo/src/avr/Servo.o
                                0x4bd (size before relaxing)
 .debug_str     0x000005d8      0x2ce src/libraries/Wire/src/utility/twi.o
                                0x3ba (size before relaxing)
 .debug_str     0x000008a6     0x1200 src/libraries/Wire/src/Wire.o
                               0x1612 (size before relaxing)
 .debug_str     0x00001aa6      0x36e G:\my_hunnanbei_SHOT\atmel\ArduinoSketch1\ArduinoSketch1\ArduinoCore\Debug\libArduinoCore.a(HardwareSerial.o)
                               0x1336 (size before relaxing)
 .debug_str     0x00001e14       0x47 G:\my_hunnanbei_SHOT\atmel\ArduinoSketch1\ArduinoSketch1\ArduinoCore\Debug\libArduinoCore.a(HardwareSerial0.o)
                               0x1179 (size before relaxing)
 .debug_str     0x00001e5b       0x43 G:\my_hunnanbei_SHOT\atmel\ArduinoSketch1\ArduinoSketch1\ArduinoCore\Debug\libArduinoCore.a(main.o)
                                0x2b4 (size before relaxing)
 .debug_str     0x00001e9e      0x361 G:\my_hunnanbei_SHOT\atmel\ArduinoSketch1\ArduinoSketch1\ArduinoCore\Debug\libArduinoCore.a(Print.o)
                                0xfee (size before relaxing)
 .debug_str     0x000021ff       0x65 G:\my_hunnanbei_SHOT\atmel\ArduinoSketch1\ArduinoSketch1\ArduinoCore\Debug\libArduinoCore.a(wiring.o)
                                0x23e (size before relaxing)
 .debug_str     0x00002264       0x6c G:\my_hunnanbei_SHOT\atmel\ArduinoSketch1\ArduinoSketch1\ArduinoCore\Debug\libArduinoCore.a(wiring_analog.o)
                                0x242 (size before relaxing)
 .debug_str     0x000022d0       0xa3 G:\my_hunnanbei_SHOT\atmel\ArduinoSketch1\ArduinoSketch1\ArduinoCore\Debug\libArduinoCore.a(wiring_digital.o)
                                0x2a3 (size before relaxing)
 .debug_str     0x00002373       0xa0 G:\my_hunnanbei_SHOT\atmel\ArduinoSketch1\ArduinoSketch1\ArduinoCore\Debug\libArduinoCore.a(WMath.o)
                                0x241 (size before relaxing)
 .debug_str     0x00002413       0x1c G:\my_hunnanbei_SHOT\atmel\ArduinoSketch1\ArduinoSketch1\ArduinoCore\Debug\libArduinoCore.a(hooks.o)
                                0x133 (size before relaxing)

.debug_loc      0x00000000     0x4a71
 *(.debug_loc)
 .debug_loc     0x00000000      0x15a Sketch.o
 .debug_loc     0x0000015a      0x6e5 src/libraries/Servo/src/avr/Servo.o
 .debug_loc     0x0000083f      0x449 src/libraries/Wire/src/utility/twi.o
 .debug_loc     0x00000c88      0xb98 src/libraries/Wire/src/Wire.o
 .debug_loc     0x00001820      0x497 G:\my_hunnanbei_SHOT\atmel\ArduinoSketch1\ArduinoSketch1\ArduinoCore\Debug\libArduinoCore.a(HardwareSerial.o)
 .debug_loc     0x00001cb7      0x187 G:\my_hunnanbei_SHOT\atmel\ArduinoSketch1\ArduinoSketch1\ArduinoCore\Debug\libArduinoCore.a(HardwareSerial0.o)
 .debug_loc     0x00001e3e     0x1f1c G:\my_hunnanbei_SHOT\atmel\ArduinoSketch1\ArduinoSketch1\ArduinoCore\Debug\libArduinoCore.a(Print.o)
 .debug_loc     0x00003d5a      0x269 G:\my_hunnanbei_SHOT\atmel\ArduinoSketch1\ArduinoSketch1\ArduinoCore\Debug\libArduinoCore.a(wiring.o)
 .debug_loc     0x00003fc3       0xfe G:\my_hunnanbei_SHOT\atmel\ArduinoSketch1\ArduinoSketch1\ArduinoCore\Debug\libArduinoCore.a(wiring_analog.o)
 .debug_loc     0x000040c1      0x5e3 G:\my_hunnanbei_SHOT\atmel\ArduinoSketch1\ArduinoSketch1\ArduinoCore\Debug\libArduinoCore.a(wiring_digital.o)
 .debug_loc     0x000046a4      0x3cd G:\my_hunnanbei_SHOT\atmel\ArduinoSketch1\ArduinoSketch1\ArduinoCore\Debug\libArduinoCore.a(WMath.o)

.debug_macinfo
 *(.debug_macinfo)

.debug_weaknames
 *(.debug_weaknames)

.debug_funcnames
 *(.debug_funcnames)

.debug_typenames
 *(.debug_typenames)

.debug_varnames
 *(.debug_varnames)

.debug_pubtypes
 *(.debug_pubtypes)

.debug_ranges   0x00000000      0x4a0
 *(.debug_ranges)
 .debug_ranges  0x00000000       0x20 Sketch.o
 .debug_ranges  0x00000020       0x58 src/libraries/Servo/src/avr/Servo.o
 .debug_ranges  0x00000078       0x70 src/libraries/Wire/src/utility/twi.o
 .debug_ranges  0x000000e8       0xe8 src/libraries/Wire/src/Wire.o
 .debug_ranges  0x000001d0       0x70 G:\my_hunnanbei_SHOT\atmel\ArduinoSketch1\ArduinoSketch1\ArduinoCore\Debug\libArduinoCore.a(HardwareSerial.o)
 .debug_ranges  0x00000240       0x38 G:\my_hunnanbei_SHOT\atmel\ArduinoSketch1\ArduinoSketch1\ArduinoCore\Debug\libArduinoCore.a(HardwareSerial0.o)
 .debug_ranges  0x00000278       0x28 G:\my_hunnanbei_SHOT\atmel\ArduinoSketch1\ArduinoSketch1\ArduinoCore\Debug\libArduinoCore.a(main.o)
 .debug_ranges  0x000002a0      0x138 G:\my_hunnanbei_SHOT\atmel\ArduinoSketch1\ArduinoSketch1\ArduinoCore\Debug\libArduinoCore.a(Print.o)
 .debug_ranges  0x000003d8       0x38 G:\my_hunnanbei_SHOT\atmel\ArduinoSketch1\ArduinoSketch1\ArduinoCore\Debug\libArduinoCore.a(wiring.o)
 .debug_ranges  0x00000410       0x20 G:\my_hunnanbei_SHOT\atmel\ArduinoSketch1\ArduinoSketch1\ArduinoCore\Debug\libArduinoCore.a(wiring_analog.o)
 .debug_ranges  0x00000430       0x28 G:\my_hunnanbei_SHOT\atmel\ArduinoSketch1\ArduinoSketch1\ArduinoCore\Debug\libArduinoCore.a(wiring_digital.o)
 .debug_ranges  0x00000458       0x38 G:\my_hunnanbei_SHOT\atmel\ArduinoSketch1\ArduinoSketch1\ArduinoCore\Debug\libArduinoCore.a(WMath.o)
 .debug_ranges  0x00000490       0x10 G:\my_hunnanbei_SHOT\atmel\ArduinoSketch1\ArduinoSketch1\ArduinoCore\Debug\libArduinoCore.a(hooks.o)

.debug_macro
 *(.debug_macro)
OUTPUT(TS5.elf elf32-avr)
LOAD linker stubs
